08:20:30 **** Build of configuration Debug for project Exercicio02 ****
make all 
Building file: ../startup/startup_stm32f103xb.s
Invoking: MCU GCC Assembler
/home/mario/Documentos/2019-1/FHDI/Workspace/Exercicio02/Debug
arm-none-eabi-as -mcpu=cortex-m3 -mthumb -mfloat-abi=soft -g -o "startup/startup_stm32f103xb.o" "../startup/startup_stm32f103xb.s"
Finished building: ../startup/startup_stm32f103xb.s
 
Building file: ../Src/main.c
Invoking: MCU GCC Compiler
/home/mario/Documentos/2019-1/FHDI/Workspace/Exercicio02/Debug
arm-none-eabi-gcc -mcpu=cortex-m3 -mthumb -mfloat-abi=soft '-D__weak=__attribute__((weak))' '-D__packed="__attribute__((__packed__))"' -DUSE_HAL_DRIVER -DSTM32F103xB -I"/home/mario/Documentos/2019-1/FHDI/Workspace/Exercicio02/Inc" -I"/home/mario/Documentos/2019-1/FHDI/Workspace/Exercicio02/Drivers/STM32F1xx_HAL_Driver/Inc" -I"/home/mario/Documentos/2019-1/FHDI/Workspace/Exercicio02/Drivers/STM32F1xx_HAL_Driver/Inc/Legacy" -I"/home/mario/Documentos/2019-1/FHDI/Workspace/Exercicio02/Drivers/CMSIS/Device/ST/STM32F1xx/Include" -I"/home/mario/Documentos/2019-1/FHDI/Workspace/Exercicio02/Drivers/CMSIS/Include"  -Og -g3 -Wall -fmessage-length=0 -ffunction-sections -c -fmessage-length=0 -MMD -MP -MF"Src/main.d" -MT"Src/main.o" -o "Src/main.o" "../Src/main.c"
Finished building: ../Src/main.c
 
Building file: ../Src/stm32f1xx_hal_msp.c
Invoking: MCU GCC Compiler
/home/mario/Documentos/2019-1/FHDI/Workspace/Exercicio02/Debug
arm-none-eabi-gcc -mcpu=cortex-m3 -mthumb -mfloat-abi=soft '-D__weak=__attribute__((weak))' '-D__packed="__attribute__((__packed__))"' -DUSE_HAL_DRIVER -DSTM32F103xB -I"/home/mario/Documentos/2019-1/FHDI/Workspace/Exercicio02/Inc" -I"/home/mario/Documentos/2019-1/FHDI/Workspace/Exercicio02/Drivers/STM32F1xx_HAL_Driver/Inc" -I"/home/mario/Documentos/2019-1/FHDI/Workspace/Exercicio02/Drivers/STM32F1xx_HAL_Driver/Inc/Legacy" -I"/home/mario/Documentos/2019-1/FHDI/Workspace/Exercicio02/Drivers/CMSIS/Device/ST/STM32F1xx/Include" -I"/home/mario/Documentos/2019-1/FHDI/Workspace/Exercicio02/Drivers/CMSIS/Include"  -Og -g3 -Wall -fmessage-length=0 -ffunction-sections -c -fmessage-length=0 -MMD -MP -MF"Src/stm32f1xx_hal_msp.d" -MT"Src/stm32f1xx_hal_msp.o" -o "Src/stm32f1xx_hal_msp.o" "../Src/stm32f1xx_hal_msp.c"
Finished building: ../Src/stm32f1xx_hal_msp.c
 
Building file: ../Src/stm32f1xx_it.c
Invoking: MCU GCC Compiler
/home/mario/Documentos/2019-1/FHDI/Workspace/Exercicio02/Debug
arm-none-eabi-gcc -mcpu=cortex-m3 -mthumb -mfloat-abi=soft '-D__weak=__attribute__((weak))' '-D__packed="__attribute__((__packed__))"' -DUSE_HAL_DRIVER -DSTM32F103xB -I"/home/mario/Documentos/2019-1/FHDI/Workspace/Exercicio02/Inc" -I"/home/mario/Documentos/2019-1/FHDI/Workspace/Exercicio02/Drivers/STM32F1xx_HAL_Driver/Inc" -I"/home/mario/Documentos/2019-1/FHDI/Workspace/Exercicio02/Drivers/STM32F1xx_HAL_Driver/Inc/Legacy" -I"/home/mario/Documentos/2019-1/FHDI/Workspace/Exercicio02/Drivers/CMSIS/Device/ST/STM32F1xx/Include" -I"/home/mario/Documentos/2019-1/FHDI/Workspace/Exercicio02/Drivers/CMSIS/Include"  -Og -g3 -Wall -fmessage-length=0 -ffunction-sections -c -fmessage-length=0 -MMD -MP -MF"Src/stm32f1xx_it.d" -MT"Src/stm32f1xx_it.o" -o "Src/stm32f1xx_it.o" "../Src/stm32f1xx_it.c"
Finished building: ../Src/stm32f1xx_it.c
 
Building file: ../Src/syscalls.c
Invoking: MCU GCC Compiler
/home/mario/Documentos/2019-1/FHDI/Workspace/Exercicio02/Debug
arm-none-eabi-gcc -mcpu=cortex-m3 -mthumb -mfloat-abi=soft '-D__weak=__attribute__((weak))' '-D__packed="__attribute__((__packed__))"' -DUSE_HAL_DRIVER -DSTM32F103xB -I"/home/mario/Documentos/2019-1/FHDI/Workspace/Exercicio02/Inc" -I"/home/mario/Documentos/2019-1/FHDI/Workspace/Exercicio02/Drivers/STM32F1xx_HAL_Driver/Inc" -I"/home/mario/Documentos/2019-1/FHDI/Workspace/Exercicio02/Drivers/STM32F1xx_HAL_Driver/Inc/Legacy" -I"/home/mario/Documentos/2019-1/FHDI/Workspace/Exercicio02/Drivers/CMSIS/Device/ST/STM32F1xx/Include" -I"/home/mario/Documentos/2019-1/FHDI/Workspace/Exercicio02/Drivers/CMSIS/Include"  -Og -g3 -Wall -fmessage-length=0 -ffunction-sections -c -fmessage-length=0 -MMD -MP -MF"Src/syscalls.d" -MT"Src/syscalls.o" -o "Src/syscalls.o" "../Src/syscalls.c"
Finished building: ../Src/syscalls.c
 
Building file: ../Src/system_stm32f1xx.c
Invoking: MCU GCC Compiler
/home/mario/Documentos/2019-1/FHDI/Workspace/Exercicio02/Debug
arm-none-eabi-gcc -mcpu=cortex-m3 -mthumb -mfloat-abi=soft '-D__weak=__attribute__((weak))' '-D__packed="__attribute__((__packed__))"' -DUSE_HAL_DRIVER -DSTM32F103xB -I"/home/mario/Documentos/2019-1/FHDI/Workspace/Exercicio02/Inc" -I"/home/mario/Documentos/2019-1/FHDI/Workspace/Exercicio02/Drivers/STM32F1xx_HAL_Driver/Inc" -I"/home/mario/Documentos/2019-1/FHDI/Workspace/Exercicio02/Drivers/STM32F1xx_HAL_Driver/Inc/Legacy" -I"/home/mario/Documentos/2019-1/FHDI/Workspace/Exercicio02/Drivers/CMSIS/Device/ST/STM32F1xx/Include" -I"/home/mario/Documentos/2019-1/FHDI/Workspace/Exercicio02/Drivers/CMSIS/Include"  -Og -g3 -Wall -fmessage-length=0 -ffunction-sections -c -fmessage-length=0 -MMD -MP -MF"Src/system_stm32f1xx.d" -MT"Src/system_stm32f1xx.o" -o "Src/system_stm32f1xx.o" "../Src/system_stm32f1xx.c"
Finished building: ../Src/system_stm32f1xx.c
 
Building file: ../Drivers/STM32F1xx_HAL_Driver/Src/stm32f1xx_hal.c
Invoking: MCU GCC Compiler
/home/mario/Documentos/2019-1/FHDI/Workspace/Exercicio02/Debug
arm-none-eabi-gcc -mcpu=cortex-m3 -mthumb -mfloat-abi=soft '-D__weak=__attribute__((weak))' '-D__packed="__attribute__((__packed__))"' -DUSE_HAL_DRIVER -DSTM32F103xB -I"/home/mario/Documentos/2019-1/FHDI/Workspace/Exercicio02/Inc" -I"/home/mario/Documentos/2019-1/FHDI/Workspace/Exercicio02/Drivers/STM32F1xx_HAL_Driver/Inc" -I"/home/mario/Documentos/2019-1/FHDI/Workspace/Exercicio02/Drivers/STM32F1xx_HAL_Driver/Inc/Legacy" -I"/home/mario/Documentos/2019-1/FHDI/Workspace/Exercicio02/Drivers/CMSIS/Device/ST/STM32F1xx/Include" -I"/home/mario/Documentos/2019-1/FHDI/Workspace/Exercicio02/Drivers/CMSIS/Include"  -Og -g3 -Wall -fmessage-length=0 -ffunction-sections -c -fmessage-length=0 -MMD -MP -MF"Drivers/STM32F1xx_HAL_Driver/Src/stm32f1xx_hal.d" -MT"Drivers/STM32F1xx_HAL_Driver/Src/stm32f1xx_hal.o" -o "Drivers/STM32F1xx_HAL_Driver/Src/stm32f1xx_hal.o" "../Drivers/STM32F1xx_HAL_Driver/Src/stm32f1xx_hal.c"
Finished building: ../Drivers/STM32F1xx_HAL_Driver/Src/stm32f1xx_hal.c
 
Building file: ../Drivers/STM32F1xx_HAL_Driver/Src/stm32f1xx_hal_cortex.c
Invoking: MCU GCC Compiler
/home/mario/Documentos/2019-1/FHDI/Workspace/Exercicio02/Debug
arm-none-eabi-gcc -mcpu=cortex-m3 -mthumb -mfloat-abi=soft '-D__weak=__attribute__((weak))' '-D__packed="__attribute__((__packed__))"' -DUSE_HAL_DRIVER -DSTM32F103xB -I"/home/mario/Documentos/2019-1/FHDI/Workspace/Exercicio02/Inc" -I"/home/mario/Documentos/2019-1/FHDI/Workspace/Exercicio02/Drivers/STM32F1xx_HAL_Driver/Inc" -I"/home/mario/Documentos/2019-1/FHDI/Workspace/Exercicio02/Drivers/STM32F1xx_HAL_Driver/Inc/Legacy" -I"/home/mario/Documentos/2019-1/FHDI/Workspace/Exercicio02/Drivers/CMSIS/Device/ST/STM32F1xx/Include" -I"/home/mario/Documentos/2019-1/FHDI/Workspace/Exercicio02/Drivers/CMSIS/Include"  -Og -g3 -Wall -fmessage-length=0 -ffunction-sections -c -fmessage-length=0 -MMD -MP -MF"Drivers/STM32F1xx_HAL_Driver/Src/stm32f1xx_hal_cortex.d" -MT"Drivers/STM32F1xx_HAL_Driver/Src/stm32f1xx_hal_cortex.o" -o "Drivers/STM32F1xx_HAL_Driver/Src/stm32f1xx_hal_cortex.o" "../Drivers/STM32F1xx_HAL_Driver/Src/stm32f1xx_hal_cortex.c"
Finished building: ../Drivers/STM32F1xx_HAL_Driver/Src/stm32f1xx_hal_cortex.c
 
Building file: ../Drivers/STM32F1xx_HAL_Driver/Src/stm32f1xx_hal_dma.c
Invoking: MCU GCC Compiler
/home/mario/Documentos/2019-1/FHDI/Workspace/Exercicio02/Debug
arm-none-eabi-gcc -mcpu=cortex-m3 -mthumb -mfloat-abi=soft '-D__weak=__attribute__((weak))' '-D__packed="__attribute__((__packed__))"' -DUSE_HAL_DRIVER -DSTM32F103xB -I"/home/mario/Documentos/2019-1/FHDI/Workspace/Exercicio02/Inc" -I"/home/mario/Documentos/2019-1/FHDI/Workspace/Exercicio02/Drivers/STM32F1xx_HAL_Driver/Inc" -I"/home/mario/Documentos/2019-1/FHDI/Workspace/Exercicio02/Drivers/STM32F1xx_HAL_Driver/Inc/Legacy" -I"/home/mario/Documentos/2019-1/FHDI/Workspace/Exercicio02/Drivers/CMSIS/Device/ST/STM32F1xx/Include" -I"/home/mario/Documentos/2019-1/FHDI/Workspace/Exercicio02/Drivers/CMSIS/Include"  -Og -g3 -Wall -fmessage-length=0 -ffunction-sections -c -fmessage-length=0 -MMD -MP -MF"Drivers/STM32F1xx_HAL_Driver/Src/stm32f1xx_hal_dma.d" -MT"Drivers/STM32F1xx_HAL_Driver/Src/stm32f1xx_hal_dma.o" -o "Drivers/STM32F1xx_HAL_Driver/Src/stm32f1xx_hal_dma.o" "../Drivers/STM32F1xx_HAL_Driver/Src/stm32f1xx_hal_dma.c"
Finished building: ../Drivers/STM32F1xx_HAL_Driver/Src/stm32f1xx_hal_dma.c
 
Building file: ../Drivers/STM32F1xx_HAL_Driver/Src/stm32f1xx_hal_flash.c
Invoking: MCU GCC Compiler
/home/mario/Documentos/2019-1/FHDI/Workspace/Exercicio02/Debug
arm-none-eabi-gcc -mcpu=cortex-m3 -mthumb -mfloat-abi=soft '-D__weak=__attribute__((weak))' '-D__packed="__attribute__((__packed__))"' -DUSE_HAL_DRIVER -DSTM32F103xB -I"/home/mario/Documentos/2019-1/FHDI/Workspace/Exercicio02/Inc" -I"/home/mario/Documentos/2019-1/FHDI/Workspace/Exercicio02/Drivers/STM32F1xx_HAL_Driver/Inc" -I"/home/mario/Documentos/2019-1/FHDI/Workspace/Exercicio02/Drivers/STM32F1xx_HAL_Driver/Inc/Legacy" -I"/home/mario/Documentos/2019-1/FHDI/Workspace/Exercicio02/Drivers/CMSIS/Device/ST/STM32F1xx/Include" -I"/home/mario/Documentos/2019-1/FHDI/Workspace/Exercicio02/Drivers/CMSIS/Include"  -Og -g3 -Wall -fmessage-length=0 -ffunction-sections -c -fmessage-length=0 -MMD -MP -MF"Drivers/STM32F1xx_HAL_Driver/Src/stm32f1xx_hal_flash.d" -MT"Drivers/STM32F1xx_HAL_Driver/Src/stm32f1xx_hal_flash.o" -o "Drivers/STM32F1xx_HAL_Driver/Src/stm32f1xx_hal_flash.o" "../Drivers/STM32F1xx_HAL_Driver/Src/stm32f1xx_hal_flash.c"
Finished building: ../Drivers/STM32F1xx_HAL_Driver/Src/stm32f1xx_hal_flash.c
 
Building file: ../Drivers/STM32F1xx_HAL_Driver/Src/stm32f1xx_hal_flash_ex.c
Invoking: MCU GCC Compiler
/home/mario/Documentos/2019-1/FHDI/Workspace/Exercicio02/Debug
arm-none-eabi-gcc -mcpu=cortex-m3 -mthumb -mfloat-abi=soft '-D__weak=__attribute__((weak))' '-D__packed="__attribute__((__packed__))"' -DUSE_HAL_DRIVER -DSTM32F103xB -I"/home/mario/Documentos/2019-1/FHDI/Workspace/Exercicio02/Inc" -I"/home/mario/Documentos/2019-1/FHDI/Workspace/Exercicio02/Drivers/STM32F1xx_HAL_Driver/Inc" -I"/home/mario/Documentos/2019-1/FHDI/Workspace/Exercicio02/Drivers/STM32F1xx_HAL_Driver/Inc/Legacy" -I"/home/mario/Documentos/2019-1/FHDI/Workspace/Exercicio02/Drivers/CMSIS/Device/ST/STM32F1xx/Include" -I"/home/mario/Documentos/2019-1/FHDI/Workspace/Exercicio02/Drivers/CMSIS/Include"  -Og -g3 -Wall -fmessage-length=0 -ffunction-sections -c -fmessage-length=0 -MMD -MP -MF"Drivers/STM32F1xx_HAL_Driver/Src/stm32f1xx_hal_flash_ex.d" -MT"Drivers/STM32F1xx_HAL_Driver/Src/stm32f1xx_hal_flash_ex.o" -o "Drivers/STM32F1xx_HAL_Driver/Src/stm32f1xx_hal_flash_ex.o" "../Drivers/STM32F1xx_HAL_Driver/Src/stm32f1xx_hal_flash_ex.c"
Finished building: ../Drivers/STM32F1xx_HAL_Driver/Src/stm32f1xx_hal_flash_ex.c
 
Building file: ../Drivers/STM32F1xx_HAL_Driver/Src/stm32f1xx_hal_gpio.c
Invoking: MCU GCC Compiler
/home/mario/Documentos/2019-1/FHDI/Workspace/Exercicio02/Debug
arm-none-eabi-gcc -mcpu=cortex-m3 -mthumb -mfloat-abi=soft '-D__weak=__attribute__((weak))' '-D__packed="__attribute__((__packed__))"' -DUSE_HAL_DRIVER -DSTM32F103xB -I"/home/mario/Documentos/2019-1/FHDI/Workspace/Exercicio02/Inc" -I"/home/mario/Documentos/2019-1/FHDI/Workspace/Exercicio02/Drivers/STM32F1xx_HAL_Driver/Inc" -I"/home/mario/Documentos/2019-1/FHDI/Workspace/Exercicio02/Drivers/STM32F1xx_HAL_Driver/Inc/Legacy" -I"/home/mario/Documentos/2019-1/FHDI/Workspace/Exercicio02/Drivers/CMSIS/Device/ST/STM32F1xx/Include" -I"/home/mario/Documentos/2019-1/FHDI/Workspace/Exercicio02/Drivers/CMSIS/Include"  -Og -g3 -Wall -fmessage-length=0 -ffunction-sections -c -fmessage-length=0 -MMD -MP -MF"Drivers/STM32F1xx_HAL_Driver/Src/stm32f1xx_hal_gpio.d" -MT"Drivers/STM32F1xx_HAL_Driver/Src/stm32f1xx_hal_gpio.o" -o "Drivers/STM32F1xx_HAL_Driver/Src/stm32f1xx_hal_gpio.o" "../Drivers/STM32F1xx_HAL_Driver/Src/stm32f1xx_hal_gpio.c"
Finished building: ../Drivers/STM32F1xx_HAL_Driver/Src/stm32f1xx_hal_gpio.c
 
Building file: ../Drivers/STM32F1xx_HAL_Driver/Src/stm32f1xx_hal_gpio_ex.c
Invoking: MCU GCC Compiler
/home/mario/Documentos/2019-1/FHDI/Workspace/Exercicio02/Debug
arm-none-eabi-gcc -mcpu=cortex-m3 -mthumb -mfloat-abi=soft '-D__weak=__attribute__((weak))' '-D__packed="__attribute__((__packed__))"' -DUSE_HAL_DRIVER -DSTM32F103xB -I"/home/mario/Documentos/2019-1/FHDI/Workspace/Exercicio02/Inc" -I"/home/mario/Documentos/2019-1/FHDI/Workspace/Exercicio02/Drivers/STM32F1xx_HAL_Driver/Inc" -I"/home/mario/Documentos/2019-1/FHDI/Workspace/Exercicio02/Drivers/STM32F1xx_HAL_Driver/Inc/Legacy" -I"/home/mario/Documentos/2019-1/FHDI/Workspace/Exercicio02/Drivers/CMSIS/Device/ST/STM32F1xx/Include" -I"/home/mario/Documentos/2019-1/FHDI/Workspace/Exercicio02/Drivers/CMSIS/Include"  -Og -g3 -Wall -fmessage-length=0 -ffunction-sections -c -fmessage-length=0 -MMD -MP -MF"Drivers/STM32F1xx_HAL_Driver/Src/stm32f1xx_hal_gpio_ex.d" -MT"Drivers/STM32F1xx_HAL_Driver/Src/stm32f1xx_hal_gpio_ex.o" -o "Drivers/STM32F1xx_HAL_Driver/Src/stm32f1xx_hal_gpio_ex.o" "../Drivers/STM32F1xx_HAL_Driver/Src/stm32f1xx_hal_gpio_ex.c"
Finished building: ../Drivers/STM32F1xx_HAL_Driver/Src/stm32f1xx_hal_gpio_ex.c
 
Building file: ../Drivers/STM32F1xx_HAL_Driver/Src/stm32f1xx_hal_pwr.c
Invoking: MCU GCC Compiler
/home/mario/Documentos/2019-1/FHDI/Workspace/Exercicio02/Debug
arm-none-eabi-gcc -mcpu=cortex-m3 -mthumb -mfloat-abi=soft '-D__weak=__attribute__((weak))' '-D__packed="__attribute__((__packed__))"' -DUSE_HAL_DRIVER -DSTM32F103xB -I"/home/mario/Documentos/2019-1/FHDI/Workspace/Exercicio02/Inc" -I"/home/mario/Documentos/2019-1/FHDI/Workspace/Exercicio02/Drivers/STM32F1xx_HAL_Driver/Inc" -I"/home/mario/Documentos/2019-1/FHDI/Workspace/Exercicio02/Drivers/STM32F1xx_HAL_Driver/Inc/Legacy" -I"/home/mario/Documentos/2019-1/FHDI/Workspace/Exercicio02/Drivers/CMSIS/Device/ST/STM32F1xx/Include" -I"/home/mario/Documentos/2019-1/FHDI/Workspace/Exercicio02/Drivers/CMSIS/Include"  -Og -g3 -Wall -fmessage-length=0 -ffunction-sections -c -fmessage-length=0 -MMD -MP -MF"Drivers/STM32F1xx_HAL_Driver/Src/stm32f1xx_hal_pwr.d" -MT"Drivers/STM32F1xx_HAL_Driver/Src/stm32f1xx_hal_pwr.o" -o "Drivers/STM32F1xx_HAL_Driver/Src/stm32f1xx_hal_pwr.o" "../Drivers/STM32F1xx_HAL_Driver/Src/stm32f1xx_hal_pwr.c"
Finished building: ../Drivers/STM32F1xx_HAL_Driver/Src/stm32f1xx_hal_pwr.c
 
Building file: ../Drivers/STM32F1xx_HAL_Driver/Src/stm32f1xx_hal_rcc.c
Invoking: MCU GCC Compiler
/home/mario/Documentos/2019-1/FHDI/Workspace/Exercicio02/Debug
arm-none-eabi-gcc -mcpu=cortex-m3 -mthumb -mfloat-abi=soft '-D__weak=__attribute__((weak))' '-D__packed="__attribute__((__packed__))"' -DUSE_HAL_DRIVER -DSTM32F103xB -I"/home/mario/Documentos/2019-1/FHDI/Workspace/Exercicio02/Inc" -I"/home/mario/Documentos/2019-1/FHDI/Workspace/Exercicio02/Drivers/STM32F1xx_HAL_Driver/Inc" -I"/home/mario/Documentos/2019-1/FHDI/Workspace/Exercicio02/Drivers/STM32F1xx_HAL_Driver/Inc/Legacy" -I"/home/mario/Documentos/2019-1/FHDI/Workspace/Exercicio02/Drivers/CMSIS/Device/ST/STM32F1xx/Include" -I"/home/mario/Documentos/2019-1/FHDI/Workspace/Exercicio02/Drivers/CMSIS/Include"  -Og -g3 -Wall -fmessage-length=0 -ffunction-sections -c -fmessage-length=0 -MMD -MP -MF"Drivers/STM32F1xx_HAL_Driver/Src/stm32f1xx_hal_rcc.d" -MT"Drivers/STM32F1xx_HAL_Driver/Src/stm32f1xx_hal_rcc.o" -o "Drivers/STM32F1xx_HAL_Driver/Src/stm32f1xx_hal_rcc.o" "../Drivers/STM32F1xx_HAL_Driver/Src/stm32f1xx_hal_rcc.c"
Finished building: ../Drivers/STM32F1xx_HAL_Driver/Src/stm32f1xx_hal_rcc.c
 
Building file: ../Drivers/STM32F1xx_HAL_Driver/Src/stm32f1xx_hal_rcc_ex.c
Invoking: MCU GCC Compiler
/home/mario/Documentos/2019-1/FHDI/Workspace/Exercicio02/Debug
arm-none-eabi-gcc -mcpu=cortex-m3 -mthumb -mfloat-abi=soft '-D__weak=__attribute__((weak))' '-D__packed="__attribute__((__packed__))"' -DUSE_HAL_DRIVER -DSTM32F103xB -I"/home/mario/Documentos/2019-1/FHDI/Workspace/Exercicio02/Inc" -I"/home/mario/Documentos/2019-1/FHDI/Workspace/Exercicio02/Drivers/STM32F1xx_HAL_Driver/Inc" -I"/home/mario/Documentos/2019-1/FHDI/Workspace/Exercicio02/Drivers/STM32F1xx_HAL_Driver/Inc/Legacy" -I"/home/mario/Documentos/2019-1/FHDI/Workspace/Exercicio02/Drivers/CMSIS/Device/ST/STM32F1xx/Include" -I"/home/mario/Documentos/2019-1/FHDI/Workspace/Exercicio02/Drivers/CMSIS/Include"  -Og -g3 -Wall -fmessage-length=0 -ffunction-sections -c -fmessage-length=0 -MMD -MP -MF"Drivers/STM32F1xx_HAL_Driver/Src/stm32f1xx_hal_rcc_ex.d" -MT"Drivers/STM32F1xx_HAL_Driver/Src/stm32f1xx_hal_rcc_ex.o" -o "Drivers/STM32F1xx_HAL_Driver/Src/stm32f1xx_hal_rcc_ex.o" "../Drivers/STM32F1xx_HAL_Driver/Src/stm32f1xx_hal_rcc_ex.c"
Finished building: ../Drivers/STM32F1xx_HAL_Driver/Src/stm32f1xx_hal_rcc_ex.c
 
Building file: ../Drivers/STM32F1xx_HAL_Driver/Src/stm32f1xx_hal_tim.c
Invoking: MCU GCC Compiler
/home/mario/Documentos/2019-1/FHDI/Workspace/Exercicio02/Debug
arm-none-eabi-gcc -mcpu=cortex-m3 -mthumb -mfloat-abi=soft '-D__weak=__attribute__((weak))' '-D__packed="__attribute__((__packed__))"' -DUSE_HAL_DRIVER -DSTM32F103xB -I"/home/mario/Documentos/2019-1/FHDI/Workspace/Exercicio02/Inc" -I"/home/mario/Documentos/2019-1/FHDI/Workspace/Exercicio02/Drivers/STM32F1xx_HAL_Driver/Inc" -I"/home/mario/Documentos/2019-1/FHDI/Workspace/Exercicio02/Drivers/STM32F1xx_HAL_Driver/Inc/Legacy" -I"/home/mario/Documentos/2019-1/FHDI/Workspace/Exercicio02/Drivers/CMSIS/Device/ST/STM32F1xx/Include" -I"/home/mario/Documentos/2019-1/FHDI/Workspace/Exercicio02/Drivers/CMSIS/Include"  -Og -g3 -Wall -fmessage-length=0 -ffunction-sections -c -fmessage-length=0 -MMD -MP -MF"Drivers/STM32F1xx_HAL_Driver/Src/stm32f1xx_hal_tim.d" -MT"Drivers/STM32F1xx_HAL_Driver/Src/stm32f1xx_hal_tim.o" -o "Drivers/STM32F1xx_HAL_Driver/Src/stm32f1xx_hal_tim.o" "../Drivers/STM32F1xx_HAL_Driver/Src/stm32f1xx_hal_tim.c"
Finished building: ../Drivers/STM32F1xx_HAL_Driver/Src/stm32f1xx_hal_tim.c
 
Building file: ../Drivers/STM32F1xx_HAL_Driver/Src/stm32f1xx_hal_tim_ex.c
Invoking: MCU GCC Compiler
/home/mario/Documentos/2019-1/FHDI/Workspace/Exercicio02/Debug
arm-none-eabi-gcc -mcpu=cortex-m3 -mthumb -mfloat-abi=soft '-D__weak=__attribute__((weak))' '-D__packed="__attribute__((__packed__))"' -DUSE_HAL_DRIVER -DSTM32F103xB -I"/home/mario/Documentos/2019-1/FHDI/Workspace/Exercicio02/Inc" -I"/home/mario/Documentos/2019-1/FHDI/Workspace/Exercicio02/Drivers/STM32F1xx_HAL_Driver/Inc" -I"/home/mario/Documentos/2019-1/FHDI/Workspace/Exercicio02/Drivers/STM32F1xx_HAL_Driver/Inc/Legacy" -I"/home/mario/Documentos/2019-1/FHDI/Workspace/Exercicio02/Drivers/CMSIS/Device/ST/STM32F1xx/Include" -I"/home/mario/Documentos/2019-1/FHDI/Workspace/Exercicio02/Drivers/CMSIS/Include"  -Og -g3 -Wall -fmessage-length=0 -ffunction-sections -c -fmessage-length=0 -MMD -MP -MF"Drivers/STM32F1xx_HAL_Driver/Src/stm32f1xx_hal_tim_ex.d" -MT"Drivers/STM32F1xx_HAL_Driver/Src/stm32f1xx_hal_tim_ex.o" -o "Drivers/STM32F1xx_HAL_Driver/Src/stm32f1xx_hal_tim_ex.o" "../Drivers/STM32F1xx_HAL_Driver/Src/stm32f1xx_hal_tim_ex.c"
Finished building: ../Drivers/STM32F1xx_HAL_Driver/Src/stm32f1xx_hal_tim_ex.c
 
Building target: Exercicio02.elf
Invoking: MCU GCC Linker
arm-none-eabi-gcc -mcpu=cortex-m3 -mthumb -mfloat-abi=soft -specs=nosys.specs -specs=nano.specs -T"../STM32F103C8Tx_FLASH.ld" -Wl,-Map=output.map -Wl,--gc-sections -o "Exercicio02.elf" @"objects.list"   -lm
Finished building target: Exercicio02.elf
 
make --no-print-directory post-build
Generating hex and Printing size information:
arm-none-eabi-objcopy -O ihex "Exercicio02.elf" "Exercicio02.hex"
arm-none-eabi-size "Exercicio02.elf"
   text	   data	    bss	    dec	    hex	filename
   3320	     20	   1572	   4912	   1330	Exercicio02.elf
 
08:49:06 **** Build of configuration Debug for project Exercicio01 ****
make all 
Building file: ../startup/startup_stm32f103xb.s
Invoking: MCU GCC Assembler
/home/mario/Documentos/2019-1/FHDI/Workspace/Exercicio01/Debug
arm-none-eabi-as -mcpu=cortex-m3 -mthumb -mfloat-abi=soft -g -o "startup/startup_stm32f103xb.o" "../startup/startup_stm32f103xb.s"
Finished building: ../startup/startup_stm32f103xb.s
 
Building file: ../Src/main.c
Invoking: MCU GCC Compiler
/home/mario/Documentos/2019-1/FHDI/Workspace/Exercicio01/Debug
arm-none-eabi-gcc -mcpu=cortex-m3 -mthumb -mfloat-abi=soft '-D__weak=__attribute__((weak))' '-D__packed="__attribute__((__packed__))"' -DUSE_HAL_DRIVER -DSTM32F103xB -I"/home/mario/Documentos/2019-1/FHDI/Workspace/Exercicio01/Inc" -I"/home/mario/Documentos/2019-1/FHDI/Workspace/Exercicio01/Drivers/STM32F1xx_HAL_Driver/Inc" -I"/home/mario/Documentos/2019-1/FHDI/Workspace/Exercicio01/Drivers/STM32F1xx_HAL_Driver/Inc/Legacy" -I"/home/mario/Documentos/2019-1/FHDI/Workspace/Exercicio01/Drivers/CMSIS/Device/ST/STM32F1xx/Include" -I"/home/mario/Documentos/2019-1/FHDI/Workspace/Exercicio01/Drivers/CMSIS/Include"  -Og -g3 -Wall -fmessage-length=0 -ffunction-sections -c -fmessage-length=0 -MMD -MP -MF"Src/main.d" -MT"Src/main.o" -o "Src/main.o" "../Src/main.c"
Finished building: ../Src/main.c
 
Building file: ../Src/stm32f1xx_hal_msp.c
Invoking: MCU GCC Compiler
/home/mario/Documentos/2019-1/FHDI/Workspace/Exercicio01/Debug
arm-none-eabi-gcc -mcpu=cortex-m3 -mthumb -mfloat-abi=soft '-D__weak=__attribute__((weak))' '-D__packed="__attribute__((__packed__))"' -DUSE_HAL_DRIVER -DSTM32F103xB -I"/home/mario/Documentos/2019-1/FHDI/Workspace/Exercicio01/Inc" -I"/home/mario/Documentos/2019-1/FHDI/Workspace/Exercicio01/Drivers/STM32F1xx_HAL_Driver/Inc" -I"/home/mario/Documentos/2019-1/FHDI/Workspace/Exercicio01/Drivers/STM32F1xx_HAL_Driver/Inc/Legacy" -I"/home/mario/Documentos/2019-1/FHDI/Workspace/Exercicio01/Drivers/CMSIS/Device/ST/STM32F1xx/Include" -I"/home/mario/Documentos/2019-1/FHDI/Workspace/Exercicio01/Drivers/CMSIS/Include"  -Og -g3 -Wall -fmessage-length=0 -ffunction-sections -c -fmessage-length=0 -MMD -MP -MF"Src/stm32f1xx_hal_msp.d" -MT"Src/stm32f1xx_hal_msp.o" -o "Src/stm32f1xx_hal_msp.o" "../Src/stm32f1xx_hal_msp.c"
Finished building: ../Src/stm32f1xx_hal_msp.c
 
Building file: ../Src/stm32f1xx_it.c
Invoking: MCU GCC Compiler
/home/mario/Documentos/2019-1/FHDI/Workspace/Exercicio01/Debug
arm-none-eabi-gcc -mcpu=cortex-m3 -mthumb -mfloat-abi=soft '-D__weak=__attribute__((weak))' '-D__packed="__attribute__((__packed__))"' -DUSE_HAL_DRIVER -DSTM32F103xB -I"/home/mario/Documentos/2019-1/FHDI/Workspace/Exercicio01/Inc" -I"/home/mario/Documentos/2019-1/FHDI/Workspace/Exercicio01/Drivers/STM32F1xx_HAL_Driver/Inc" -I"/home/mario/Documentos/2019-1/FHDI/Workspace/Exercicio01/Drivers/STM32F1xx_HAL_Driver/Inc/Legacy" -I"/home/mario/Documentos/2019-1/FHDI/Workspace/Exercicio01/Drivers/CMSIS/Device/ST/STM32F1xx/Include" -I"/home/mario/Documentos/2019-1/FHDI/Workspace/Exercicio01/Drivers/CMSIS/Include"  -Og -g3 -Wall -fmessage-length=0 -ffunction-sections -c -fmessage-length=0 -MMD -MP -MF"Src/stm32f1xx_it.d" -MT"Src/stm32f1xx_it.o" -o "Src/stm32f1xx_it.o" "../Src/stm32f1xx_it.c"
Finished building: ../Src/stm32f1xx_it.c
 
Building file: ../Src/syscalls.c
Invoking: MCU GCC Compiler
/home/mario/Documentos/2019-1/FHDI/Workspace/Exercicio01/Debug
arm-none-eabi-gcc -mcpu=cortex-m3 -mthumb -mfloat-abi=soft '-D__weak=__attribute__((weak))' '-D__packed="__attribute__((__packed__))"' -DUSE_HAL_DRIVER -DSTM32F103xB -I"/home/mario/Documentos/2019-1/FHDI/Workspace/Exercicio01/Inc" -I"/home/mario/Documentos/2019-1/FHDI/Workspace/Exercicio01/Drivers/STM32F1xx_HAL_Driver/Inc" -I"/home/mario/Documentos/2019-1/FHDI/Workspace/Exercicio01/Drivers/STM32F1xx_HAL_Driver/Inc/Legacy" -I"/home/mario/Documentos/2019-1/FHDI/Workspace/Exercicio01/Drivers/CMSIS/Device/ST/STM32F1xx/Include" -I"/home/mario/Documentos/2019-1/FHDI/Workspace/Exercicio01/Drivers/CMSIS/Include"  -Og -g3 -Wall -fmessage-length=0 -ffunction-sections -c -fmessage-length=0 -MMD -MP -MF"Src/syscalls.d" -MT"Src/syscalls.o" -o "Src/syscalls.o" "../Src/syscalls.c"
Finished building: ../Src/syscalls.c
 
Building file: ../Src/system_stm32f1xx.c
Invoking: MCU GCC Compiler
/home/mario/Documentos/2019-1/FHDI/Workspace/Exercicio01/Debug
arm-none-eabi-gcc -mcpu=cortex-m3 -mthumb -mfloat-abi=soft '-D__weak=__attribute__((weak))' '-D__packed="__attribute__((__packed__))"' -DUSE_HAL_DRIVER -DSTM32F103xB -I"/home/mario/Documentos/2019-1/FHDI/Workspace/Exercicio01/Inc" -I"/home/mario/Documentos/2019-1/FHDI/Workspace/Exercicio01/Drivers/STM32F1xx_HAL_Driver/Inc" -I"/home/mario/Documentos/2019-1/FHDI/Workspace/Exercicio01/Drivers/STM32F1xx_HAL_Driver/Inc/Legacy" -I"/home/mario/Documentos/2019-1/FHDI/Workspace/Exercicio01/Drivers/CMSIS/Device/ST/STM32F1xx/Include" -I"/home/mario/Documentos/2019-1/FHDI/Workspace/Exercicio01/Drivers/CMSIS/Include"  -Og -g3 -Wall -fmessage-length=0 -ffunction-sections -c -fmessage-length=0 -MMD -MP -MF"Src/system_stm32f1xx.d" -MT"Src/system_stm32f1xx.o" -o "Src/system_stm32f1xx.o" "../Src/system_stm32f1xx.c"
Finished building: ../Src/system_stm32f1xx.c
 
Building file: ../Drivers/STM32F1xx_HAL_Driver/Src/stm32f1xx_hal.c
Invoking: MCU GCC Compiler
/home/mario/Documentos/2019-1/FHDI/Workspace/Exercicio01/Debug
arm-none-eabi-gcc -mcpu=cortex-m3 -mthumb -mfloat-abi=soft '-D__weak=__attribute__((weak))' '-D__packed="__attribute__((__packed__))"' -DUSE_HAL_DRIVER -DSTM32F103xB -I"/home/mario/Documentos/2019-1/FHDI/Workspace/Exercicio01/Inc" -I"/home/mario/Documentos/2019-1/FHDI/Workspace/Exercicio01/Drivers/STM32F1xx_HAL_Driver/Inc" -I"/home/mario/Documentos/2019-1/FHDI/Workspace/Exercicio01/Drivers/STM32F1xx_HAL_Driver/Inc/Legacy" -I"/home/mario/Documentos/2019-1/FHDI/Workspace/Exercicio01/Drivers/CMSIS/Device/ST/STM32F1xx/Include" -I"/home/mario/Documentos/2019-1/FHDI/Workspace/Exercicio01/Drivers/CMSIS/Include"  -Og -g3 -Wall -fmessage-length=0 -ffunction-sections -c -fmessage-length=0 -MMD -MP -MF"Drivers/STM32F1xx_HAL_Driver/Src/stm32f1xx_hal.d" -MT"Drivers/STM32F1xx_HAL_Driver/Src/stm32f1xx_hal.o" -o "Drivers/STM32F1xx_HAL_Driver/Src/stm32f1xx_hal.o" "../Drivers/STM32F1xx_HAL_Driver/Src/stm32f1xx_hal.c"
Finished building: ../Drivers/STM32F1xx_HAL_Driver/Src/stm32f1xx_hal.c
 
Building file: ../Drivers/STM32F1xx_HAL_Driver/Src/stm32f1xx_hal_cortex.c
Invoking: MCU GCC Compiler
/home/mario/Documentos/2019-1/FHDI/Workspace/Exercicio01/Debug
arm-none-eabi-gcc -mcpu=cortex-m3 -mthumb -mfloat-abi=soft '-D__weak=__attribute__((weak))' '-D__packed="__attribute__((__packed__))"' -DUSE_HAL_DRIVER -DSTM32F103xB -I"/home/mario/Documentos/2019-1/FHDI/Workspace/Exercicio01/Inc" -I"/home/mario/Documentos/2019-1/FHDI/Workspace/Exercicio01/Drivers/STM32F1xx_HAL_Driver/Inc" -I"/home/mario/Documentos/2019-1/FHDI/Workspace/Exercicio01/Drivers/STM32F1xx_HAL_Driver/Inc/Legacy" -I"/home/mario/Documentos/2019-1/FHDI/Workspace/Exercicio01/Drivers/CMSIS/Device/ST/STM32F1xx/Include" -I"/home/mario/Documentos/2019-1/FHDI/Workspace/Exercicio01/Drivers/CMSIS/Include"  -Og -g3 -Wall -fmessage-length=0 -ffunction-sections -c -fmessage-length=0 -MMD -MP -MF"Drivers/STM32F1xx_HAL_Driver/Src/stm32f1xx_hal_cortex.d" -MT"Drivers/STM32F1xx_HAL_Driver/Src/stm32f1xx_hal_cortex.o" -o "Drivers/STM32F1xx_HAL_Driver/Src/stm32f1xx_hal_cortex.o" "../Drivers/STM32F1xx_HAL_Driver/Src/stm32f1xx_hal_cortex.c"
Finished building: ../Drivers/STM32F1xx_HAL_Driver/Src/stm32f1xx_hal_cortex.c
 
Building file: ../Drivers/STM32F1xx_HAL_Driver/Src/stm32f1xx_hal_dma.c
Invoking: MCU GCC Compiler
/home/mario/Documentos/2019-1/FHDI/Workspace/Exercicio01/Debug
arm-none-eabi-gcc -mcpu=cortex-m3 -mthumb -mfloat-abi=soft '-D__weak=__attribute__((weak))' '-D__packed="__attribute__((__packed__))"' -DUSE_HAL_DRIVER -DSTM32F103xB -I"/home/mario/Documentos/2019-1/FHDI/Workspace/Exercicio01/Inc" -I"/home/mario/Documentos/2019-1/FHDI/Workspace/Exercicio01/Drivers/STM32F1xx_HAL_Driver/Inc" -I"/home/mario/Documentos/2019-1/FHDI/Workspace/Exercicio01/Drivers/STM32F1xx_HAL_Driver/Inc/Legacy" -I"/home/mario/Documentos/2019-1/FHDI/Workspace/Exercicio01/Drivers/CMSIS/Device/ST/STM32F1xx/Include" -I"/home/mario/Documentos/2019-1/FHDI/Workspace/Exercicio01/Drivers/CMSIS/Include"  -Og -g3 -Wall -fmessage-length=0 -ffunction-sections -c -fmessage-length=0 -MMD -MP -MF"Drivers/STM32F1xx_HAL_Driver/Src/stm32f1xx_hal_dma.d" -MT"Drivers/STM32F1xx_HAL_Driver/Src/stm32f1xx_hal_dma.o" -o "Drivers/STM32F1xx_HAL_Driver/Src/stm32f1xx_hal_dma.o" "../Drivers/STM32F1xx_HAL_Driver/Src/stm32f1xx_hal_dma.c"
Finished building: ../Drivers/STM32F1xx_HAL_Driver/Src/stm32f1xx_hal_dma.c
 
Building file: ../Drivers/STM32F1xx_HAL_Driver/Src/stm32f1xx_hal_flash.c
Invoking: MCU GCC Compiler
/home/mario/Documentos/2019-1/FHDI/Workspace/Exercicio01/Debug
arm-none-eabi-gcc -mcpu=cortex-m3 -mthumb -mfloat-abi=soft '-D__weak=__attribute__((weak))' '-D__packed="__attribute__((__packed__))"' -DUSE_HAL_DRIVER -DSTM32F103xB -I"/home/mario/Documentos/2019-1/FHDI/Workspace/Exercicio01/Inc" -I"/home/mario/Documentos/2019-1/FHDI/Workspace/Exercicio01/Drivers/STM32F1xx_HAL_Driver/Inc" -I"/home/mario/Documentos/2019-1/FHDI/Workspace/Exercicio01/Drivers/STM32F1xx_HAL_Driver/Inc/Legacy" -I"/home/mario/Documentos/2019-1/FHDI/Workspace/Exercicio01/Drivers/CMSIS/Device/ST/STM32F1xx/Include" -I"/home/mario/Documentos/2019-1/FHDI/Workspace/Exercicio01/Drivers/CMSIS/Include"  -Og -g3 -Wall -fmessage-length=0 -ffunction-sections -c -fmessage-length=0 -MMD -MP -MF"Drivers/STM32F1xx_HAL_Driver/Src/stm32f1xx_hal_flash.d" -MT"Drivers/STM32F1xx_HAL_Driver/Src/stm32f1xx_hal_flash.o" -o "Drivers/STM32F1xx_HAL_Driver/Src/stm32f1xx_hal_flash.o" "../Drivers/STM32F1xx_HAL_Driver/Src/stm32f1xx_hal_flash.c"
Finished building: ../Drivers/STM32F1xx_HAL_Driver/Src/stm32f1xx_hal_flash.c
 
Building file: ../Drivers/STM32F1xx_HAL_Driver/Src/stm32f1xx_hal_flash_ex.c
Invoking: MCU GCC Compiler
/home/mario/Documentos/2019-1/FHDI/Workspace/Exercicio01/Debug
arm-none-eabi-gcc -mcpu=cortex-m3 -mthumb -mfloat-abi=soft '-D__weak=__attribute__((weak))' '-D__packed="__attribute__((__packed__))"' -DUSE_HAL_DRIVER -DSTM32F103xB -I"/home/mario/Documentos/2019-1/FHDI/Workspace/Exercicio01/Inc" -I"/home/mario/Documentos/2019-1/FHDI/Workspace/Exercicio01/Drivers/STM32F1xx_HAL_Driver/Inc" -I"/home/mario/Documentos/2019-1/FHDI/Workspace/Exercicio01/Drivers/STM32F1xx_HAL_Driver/Inc/Legacy" -I"/home/mario/Documentos/2019-1/FHDI/Workspace/Exercicio01/Drivers/CMSIS/Device/ST/STM32F1xx/Include" -I"/home/mario/Documentos/2019-1/FHDI/Workspace/Exercicio01/Drivers/CMSIS/Include"  -Og -g3 -Wall -fmessage-length=0 -ffunction-sections -c -fmessage-length=0 -MMD -MP -MF"Drivers/STM32F1xx_HAL_Driver/Src/stm32f1xx_hal_flash_ex.d" -MT"Drivers/STM32F1xx_HAL_Driver/Src/stm32f1xx_hal_flash_ex.o" -o "Drivers/STM32F1xx_HAL_Driver/Src/stm32f1xx_hal_flash_ex.o" "../Drivers/STM32F1xx_HAL_Driver/Src/stm32f1xx_hal_flash_ex.c"
Finished building: ../Drivers/STM32F1xx_HAL_Driver/Src/stm32f1xx_hal_flash_ex.c
 
Building file: ../Drivers/STM32F1xx_HAL_Driver/Src/stm32f1xx_hal_gpio.c
Invoking: MCU GCC Compiler
/home/mario/Documentos/2019-1/FHDI/Workspace/Exercicio01/Debug
arm-none-eabi-gcc -mcpu=cortex-m3 -mthumb -mfloat-abi=soft '-D__weak=__attribute__((weak))' '-D__packed="__attribute__((__packed__))"' -DUSE_HAL_DRIVER -DSTM32F103xB -I"/home/mario/Documentos/2019-1/FHDI/Workspace/Exercicio01/Inc" -I"/home/mario/Documentos/2019-1/FHDI/Workspace/Exercicio01/Drivers/STM32F1xx_HAL_Driver/Inc" -I"/home/mario/Documentos/2019-1/FHDI/Workspace/Exercicio01/Drivers/STM32F1xx_HAL_Driver/Inc/Legacy" -I"/home/mario/Documentos/2019-1/FHDI/Workspace/Exercicio01/Drivers/CMSIS/Device/ST/STM32F1xx/Include" -I"/home/mario/Documentos/2019-1/FHDI/Workspace/Exercicio01/Drivers/CMSIS/Include"  -Og -g3 -Wall -fmessage-length=0 -ffunction-sections -c -fmessage-length=0 -MMD -MP -MF"Drivers/STM32F1xx_HAL_Driver/Src/stm32f1xx_hal_gpio.d" -MT"Drivers/STM32F1xx_HAL_Driver/Src/stm32f1xx_hal_gpio.o" -o "Drivers/STM32F1xx_HAL_Driver/Src/stm32f1xx_hal_gpio.o" "../Drivers/STM32F1xx_HAL_Driver/Src/stm32f1xx_hal_gpio.c"
Finished building: ../Drivers/STM32F1xx_HAL_Driver/Src/stm32f1xx_hal_gpio.c
 
Building file: ../Drivers/STM32F1xx_HAL_Driver/Src/stm32f1xx_hal_gpio_ex.c
Invoking: MCU GCC Compiler
/home/mario/Documentos/2019-1/FHDI/Workspace/Exercicio01/Debug
arm-none-eabi-gcc -mcpu=cortex-m3 -mthumb -mfloat-abi=soft '-D__weak=__attribute__((weak))' '-D__packed="__attribute__((__packed__))"' -DUSE_HAL_DRIVER -DSTM32F103xB -I"/home/mario/Documentos/2019-1/FHDI/Workspace/Exercicio01/Inc" -I"/home/mario/Documentos/2019-1/FHDI/Workspace/Exercicio01/Drivers/STM32F1xx_HAL_Driver/Inc" -I"/home/mario/Documentos/2019-1/FHDI/Workspace/Exercicio01/Drivers/STM32F1xx_HAL_Driver/Inc/Legacy" -I"/home/mario/Documentos/2019-1/FHDI/Workspace/Exercicio01/Drivers/CMSIS/Device/ST/STM32F1xx/Include" -I"/home/mario/Documentos/2019-1/FHDI/Workspace/Exercicio01/Drivers/CMSIS/Include"  -Og -g3 -Wall -fmessage-length=0 -ffunction-sections -c -fmessage-length=0 -MMD -MP -MF"Drivers/STM32F1xx_HAL_Driver/Src/stm32f1xx_hal_gpio_ex.d" -MT"Drivers/STM32F1xx_HAL_Driver/Src/stm32f1xx_hal_gpio_ex.o" -o "Drivers/STM32F1xx_HAL_Driver/Src/stm32f1xx_hal_gpio_ex.o" "../Drivers/STM32F1xx_HAL_Driver/Src/stm32f1xx_hal_gpio_ex.c"
Finished building: ../Drivers/STM32F1xx_HAL_Driver/Src/stm32f1xx_hal_gpio_ex.c
 
Building file: ../Drivers/STM32F1xx_HAL_Driver/Src/stm32f1xx_hal_pwr.c
Invoking: MCU GCC Compiler
/home/mario/Documentos/2019-1/FHDI/Workspace/Exercicio01/Debug
arm-none-eabi-gcc -mcpu=cortex-m3 -mthumb -mfloat-abi=soft '-D__weak=__attribute__((weak))' '-D__packed="__attribute__((__packed__))"' -DUSE_HAL_DRIVER -DSTM32F103xB -I"/home/mario/Documentos/2019-1/FHDI/Workspace/Exercicio01/Inc" -I"/home/mario/Documentos/2019-1/FHDI/Workspace/Exercicio01/Drivers/STM32F1xx_HAL_Driver/Inc" -I"/home/mario/Documentos/2019-1/FHDI/Workspace/Exercicio01/Drivers/STM32F1xx_HAL_Driver/Inc/Legacy" -I"/home/mario/Documentos/2019-1/FHDI/Workspace/Exercicio01/Drivers/CMSIS/Device/ST/STM32F1xx/Include" -I"/home/mario/Documentos/2019-1/FHDI/Workspace/Exercicio01/Drivers/CMSIS/Include"  -Og -g3 -Wall -fmessage-length=0 -ffunction-sections -c -fmessage-length=0 -MMD -MP -MF"Drivers/STM32F1xx_HAL_Driver/Src/stm32f1xx_hal_pwr.d" -MT"Drivers/STM32F1xx_HAL_Driver/Src/stm32f1xx_hal_pwr.o" -o "Drivers/STM32F1xx_HAL_Driver/Src/stm32f1xx_hal_pwr.o" "../Drivers/STM32F1xx_HAL_Driver/Src/stm32f1xx_hal_pwr.c"
Finished building: ../Drivers/STM32F1xx_HAL_Driver/Src/stm32f1xx_hal_pwr.c
 
Building file: ../Drivers/STM32F1xx_HAL_Driver/Src/stm32f1xx_hal_rcc.c
Invoking: MCU GCC Compiler
/home/mario/Documentos/2019-1/FHDI/Workspace/Exercicio01/Debug
arm-none-eabi-gcc -mcpu=cortex-m3 -mthumb -mfloat-abi=soft '-D__weak=__attribute__((weak))' '-D__packed="__attribute__((__packed__))"' -DUSE_HAL_DRIVER -DSTM32F103xB -I"/home/mario/Documentos/2019-1/FHDI/Workspace/Exercicio01/Inc" -I"/home/mario/Documentos/2019-1/FHDI/Workspace/Exercicio01/Drivers/STM32F1xx_HAL_Driver/Inc" -I"/home/mario/Documentos/2019-1/FHDI/Workspace/Exercicio01/Drivers/STM32F1xx_HAL_Driver/Inc/Legacy" -I"/home/mario/Documentos/2019-1/FHDI/Workspace/Exercicio01/Drivers/CMSIS/Device/ST/STM32F1xx/Include" -I"/home/mario/Documentos/2019-1/FHDI/Workspace/Exercicio01/Drivers/CMSIS/Include"  -Og -g3 -Wall -fmessage-length=0 -ffunction-sections -c -fmessage-length=0 -MMD -MP -MF"Drivers/STM32F1xx_HAL_Driver/Src/stm32f1xx_hal_rcc.d" -MT"Drivers/STM32F1xx_HAL_Driver/Src/stm32f1xx_hal_rcc.o" -o "Drivers/STM32F1xx_HAL_Driver/Src/stm32f1xx_hal_rcc.o" "../Drivers/STM32F1xx_HAL_Driver/Src/stm32f1xx_hal_rcc.c"
Finished building: ../Drivers/STM32F1xx_HAL_Driver/Src/stm32f1xx_hal_rcc.c
 
Building file: ../Drivers/STM32F1xx_HAL_Driver/Src/stm32f1xx_hal_rcc_ex.c
Invoking: MCU GCC Compiler
/home/mario/Documentos/2019-1/FHDI/Workspace/Exercicio01/Debug
arm-none-eabi-gcc -mcpu=cortex-m3 -mthumb -mfloat-abi=soft '-D__weak=__attribute__((weak))' '-D__packed="__attribute__((__packed__))"' -DUSE_HAL_DRIVER -DSTM32F103xB -I"/home/mario/Documentos/2019-1/FHDI/Workspace/Exercicio01/Inc" -I"/home/mario/Documentos/2019-1/FHDI/Workspace/Exercicio01/Drivers/STM32F1xx_HAL_Driver/Inc" -I"/home/mario/Documentos/2019-1/FHDI/Workspace/Exercicio01/Drivers/STM32F1xx_HAL_Driver/Inc/Legacy" -I"/home/mario/Documentos/2019-1/FHDI/Workspace/Exercicio01/Drivers/CMSIS/Device/ST/STM32F1xx/Include" -I"/home/mario/Documentos/2019-1/FHDI/Workspace/Exercicio01/Drivers/CMSIS/Include"  -Og -g3 -Wall -fmessage-length=0 -ffunction-sections -c -fmessage-length=0 -MMD -MP -MF"Drivers/STM32F1xx_HAL_Driver/Src/stm32f1xx_hal_rcc_ex.d" -MT"Drivers/STM32F1xx_HAL_Driver/Src/stm32f1xx_hal_rcc_ex.o" -o "Drivers/STM32F1xx_HAL_Driver/Src/stm32f1xx_hal_rcc_ex.o" "../Drivers/STM32F1xx_HAL_Driver/Src/stm32f1xx_hal_rcc_ex.c"
Finished building: ../Drivers/STM32F1xx_HAL_Driver/Src/stm32f1xx_hal_rcc_ex.c
 
Building file: ../Drivers/STM32F1xx_HAL_Driver/Src/stm32f1xx_hal_tim.c
Invoking: MCU GCC Compiler
/home/mario/Documentos/2019-1/FHDI/Workspace/Exercicio01/Debug
arm-none-eabi-gcc -mcpu=cortex-m3 -mthumb -mfloat-abi=soft '-D__weak=__attribute__((weak))' '-D__packed="__attribute__((__packed__))"' -DUSE_HAL_DRIVER -DSTM32F103xB -I"/home/mario/Documentos/2019-1/FHDI/Workspace/Exercicio01/Inc" -I"/home/mario/Documentos/2019-1/FHDI/Workspace/Exercicio01/Drivers/STM32F1xx_HAL_Driver/Inc" -I"/home/mario/Documentos/2019-1/FHDI/Workspace/Exercicio01/Drivers/STM32F1xx_HAL_Driver/Inc/Legacy" -I"/home/mario/Documentos/2019-1/FHDI/Workspace/Exercicio01/Drivers/CMSIS/Device/ST/STM32F1xx/Include" -I"/home/mario/Documentos/2019-1/FHDI/Workspace/Exercicio01/Drivers/CMSIS/Include"  -Og -g3 -Wall -fmessage-length=0 -ffunction-sections -c -fmessage-length=0 -MMD -MP -MF"Drivers/STM32F1xx_HAL_Driver/Src/stm32f1xx_hal_tim.d" -MT"Drivers/STM32F1xx_HAL_Driver/Src/stm32f1xx_hal_tim.o" -o "Drivers/STM32F1xx_HAL_Driver/Src/stm32f1xx_hal_tim.o" "../Drivers/STM32F1xx_HAL_Driver/Src/stm32f1xx_hal_tim.c"
Finished building: ../Drivers/STM32F1xx_HAL_Driver/Src/stm32f1xx_hal_tim.c
 
Building file: ../Drivers/STM32F1xx_HAL_Driver/Src/stm32f1xx_hal_tim_ex.c
Invoking: MCU GCC Compiler
/home/mario/Documentos/2019-1/FHDI/Workspace/Exercicio01/Debug
arm-none-eabi-gcc -mcpu=cortex-m3 -mthumb -mfloat-abi=soft '-D__weak=__attribute__((weak))' '-D__packed="__attribute__((__packed__))"' -DUSE_HAL_DRIVER -DSTM32F103xB -I"/home/mario/Documentos/2019-1/FHDI/Workspace/Exercicio01/Inc" -I"/home/mario/Documentos/2019-1/FHDI/Workspace/Exercicio01/Drivers/STM32F1xx_HAL_Driver/Inc" -I"/home/mario/Documentos/2019-1/FHDI/Workspace/Exercicio01/Drivers/STM32F1xx_HAL_Driver/Inc/Legacy" -I"/home/mario/Documentos/2019-1/FHDI/Workspace/Exercicio01/Drivers/CMSIS/Device/ST/STM32F1xx/Include" -I"/home/mario/Documentos/2019-1/FHDI/Workspace/Exercicio01/Drivers/CMSIS/Include"  -Og -g3 -Wall -fmessage-length=0 -ffunction-sections -c -fmessage-length=0 -MMD -MP -MF"Drivers/STM32F1xx_HAL_Driver/Src/stm32f1xx_hal_tim_ex.d" -MT"Drivers/STM32F1xx_HAL_Driver/Src/stm32f1xx_hal_tim_ex.o" -o "Drivers/STM32F1xx_HAL_Driver/Src/stm32f1xx_hal_tim_ex.o" "../Drivers/STM32F1xx_HAL_Driver/Src/stm32f1xx_hal_tim_ex.c"
Finished building: ../Drivers/STM32F1xx_HAL_Driver/Src/stm32f1xx_hal_tim_ex.c
 
Building target: Exercicio01.elf
Invoking: MCU GCC Linker
arm-none-eabi-gcc -mcpu=cortex-m3 -mthumb -mfloat-abi=soft -specs=nosys.specs -specs=nano.specs -T"../STM32F103C8Tx_FLASH.ld" -Wl,-Map=output.map -Wl,--gc-sections -o "Exercicio01.elf" @"objects.list"   -lm
Finished building target: Exercicio01.elf
 
make --no-print-directory post-build
Generating hex and Printing size information:
arm-none-eabi-objcopy -O ihex "Exercicio01.elf" "Exercicio01.hex"
arm-none-eabi-size "Exercicio01.elf"
   text	   data	    bss	    dec	    hex	filename
   3320	     20	   1572	   4912	   1330	Exercicio01.elf
 
08:53:00 **** Incremental Build of configuration Debug for project Exercicio01 ****
make all 
Building file: ../Src/blink.c
Invoking: MCU GCC Compiler
/home/mario/Documentos/2019-1/FHDI/Workspace/Exercicio01/Debug
arm-none-eabi-gcc -mcpu=cortex-m3 -mthumb -mfloat-abi=soft '-D__weak=__attribute__((weak))' '-D__packed="__attribute__((__packed__))"' -DUSE_HAL_DRIVER -DSTM32F103xB -I"/home/mario/Documentos/2019-1/FHDI/Workspace/Exercicio01/Inc" -I"/home/mario/Documentos/2019-1/FHDI/Workspace/Exercicio01/Drivers/STM32F1xx_HAL_Driver/Inc" -I"/home/mario/Documentos/2019-1/FHDI/Workspace/Exercicio01/Drivers/STM32F1xx_HAL_Driver/Inc/Legacy" -I"/home/mario/Documentos/2019-1/FHDI/Workspace/Exercicio01/Drivers/CMSIS/Device/ST/STM32F1xx/Include" -I"/home/mario/Documentos/2019-1/FHDI/Workspace/Exercicio01/Drivers/CMSIS/Include"  -Og -g3 -Wall -fmessage-length=0 -ffunction-sections -c -fmessage-length=0 -MMD -MP -MF"Src/blink.d" -MT"Src/blink.o" -o "Src/blink.o" "../Src/blink.c"
Finished building: ../Src/blink.c
 
Building target: Exercicio01.elf
Invoking: MCU GCC Linker
arm-none-eabi-gcc -mcpu=cortex-m3 -mthumb -mfloat-abi=soft -specs=nosys.specs -specs=nano.specs -T"../STM32F103C8Tx_FLASH.ld" -Wl,-Map=output.map -Wl,--gc-sections -o "Exercicio01.elf" @"objects.list"   -lm
Finished building target: Exercicio01.elf
 
make --no-print-directory post-build
Generating hex and Printing size information:
arm-none-eabi-objcopy -O ihex "Exercicio01.elf" "Exercicio01.hex"
arm-none-eabi-size "Exercicio01.elf"
   text	   data	    bss	    dec	    hex	filename
   3320	     20	   1572	   4912	   1330	Exercicio01.elf
 
08:53:47 **** Incremental Build of configuration Debug for project Exercicio01 ****
make all 
make: Nothing to be done for 'all'.
08:54:05 **** Incremental Build of configuration Debug for project Exercicio01 ****
make all 
make: Nothing to be done for 'all'.
08:56:29 **** Incremental Build of configuration Debug for project Exercicio01 ****
make all 
make: Nothing to be done for 'all'.
08:57:28 **** Incremental Build of configuration Debug for project Exercicio01 ****
make all 
make: Nothing to be done for 'all'.
08:57:47 **** Incremental Build of configuration Debug for project Exercicio01 ****
make all 
make: Nothing to be done for 'all'.
08:58:18 **** Incremental Build of configuration Debug for project Exercicio01 ****
make all 
make: Nothing to be done for 'all'.
